1-Christian Gardel@DESKTOP-441H1BS MINGW64 ~/bootcamp/curso/ihlabs/lab-bash (master)
$ echo "Hello World"
Hello World

2-Christian Gardel@DESKTOP-441H1BS MINGW64 ~/bootcamp/curso/ihlabs/lab-bash (master)
$ mkdir new_dir

3-Christian Gardel@DESKTOP-441H1BS MINGW64 ~/bootcamp/curso/ihlabs/lab-bash (master)
$ rmdir new_dir

4-Christian Gardel@DESKTOP-441H1BS MINGW64 ~/bootcamp/curso/ihlabs/lab-bash (master)
$ cp lorem/sed.txt lorem-copy/

5-Christian Gardel@DESKTOP-441H1BS MINGW64 ~/bootcamp/curso/ihlabs/lab-bash (master)
$ cp lorem/at.txt lorem-copy/; cp lorem/lorem.txt lorem-copy/

6-Christian Gardel@DESKTOP-441H1BS MINGW64 ~/bootcamp/curso/ihlabs/lab-bash/lorem (master)
$ cat sed.txt
Sed ut perspiciatis unde omnis iste natus error sit voluptatem accusantium doloremque laudantium,
totam rem aperiam, eaque ipsa quae ab illo inventore veritatis et quasi architecto beatae vitae dicta sunt explicabo.
Nemo enim ipsam voluptatem quia voluptas sit aspernatur aut odit aut fugit,
sed quia consequuntur magni dolores eos qui ratione voluptatem sequi nesciunt.
Neque porro quisquam est, qui dolorem ipsum quia dolor sit amet, consectetur, adipisci velit,
sed quia non numquam eius modi tempora incidunt ut labore et dolore magnam aliquam quaerat voluptatem.
Ut enim ad minima veniam, quis nostrum exercitationem ullam corporis suscipit laboriosam,
nisi ut aliquid ex ea commodi consequatur? Quis autem vel eum iure reprehenderit qui in ea voluptate velit esse quam nihil molestiae consequatur,
vel illum qui dolorem eum fugiat quo voluptas nulla pariatur?Homo homini lupus

7-Christian Gardel@DESKTOP-441H1BS MINGW64 ~/bootcamp/curso/ihlabs/lab-bash/lorem (master)
$ cat at.txt;cat lorem.txt
At vero eos ET accusamus ET iusto odio dignissimos ducimus qui blanditiis praesentium voluptatum
deleniti atque corrupti quos dolores ET quas molestias excepturi sint occaecati cupiditate non
provident, similique sunt in culpa qui officia deserunt mollitia animi, id est laborum ET dolorum fuga.
Et harum quidem rerum facilis est ET expedita distinctio.
Nam libero tempore, cum soluta nobis est eligendi optio cumque nihil impedit quo minus id quod
maxime placeat facere possimus, omnis voluptas assumenda est, omnis dolor repellendus.
Temporibus autem quibusdam ET aut officiis debitis aut rerum necessitatibus saepe eveniET
ut ET voluptates repudiandae sint ET molestiae non recusandae.
Itaque earum rerum hic tenETur a sapiente delectus, ut aut reiciendis voluptatibus maiores
alias consequatur aut perferendis doloribus asperiores repellat
Lorem ipsum dolor sit amet, consectetur adipiscing elit, sed do eiusmod tempor incididunt ut labore et dolore magna aliqua.
Ut enim ad minim veniam, quis nostrud exercitation ullamco laboris nisi ut aliquip ex ea commodo consequat.
Duis aute irure dolor in reprehenderit in voluptate velit esse cillum dolore eu fugiat nulla pariatur.
Excepteur sint occaecat cupidatat non proident, sunt in culpa qui officia deserunt mollit anim id est laborum.

8-Christian Gardel@DESKTOP-441H1BS MINGW64 ~/bootcamp/curso/ihlabs/lab-bash/lorem-copy (master)
$ head -3 sed.txt
Sed ut perspiciatis unde omnis iste natus error sit voluptatem accusantium doloremque laudantium,
totam rem aperiam, eaque ipsa quae ab illo inventore veritatis et quasi architecto beatae vitae dicta sunt explicabo.
Nemo enim ipsam voluptatem quia voluptas sit aspernatur aut odit aut fugit,

9-Christian Gardel@DESKTOP-441H1BS MINGW64 ~/bootcamp/curso/ihlabs/lab-bash/lorem-copy (master)
$ tail -3 sed.txt
Ut enim ad minima veniam, quis nostrum exercitationem ullam corporis suscipit laboriosam,
nisi ut aliquid ex ea commodi consequatur? Quis autem vel eum iure reprehenderit qui in ea voluptate velit esse quam nihil molestiae consequatur,
vel illum qui dolorem eum fugiat quo voluptas nulla pariatur?Homo homini lupus

10-Christian Gardel@DESKTOP-441H1BS MINGW64 ~/bootcamp/curso/ihlabs/lab-bash/lorem-copy (master)
$ echo Homo Homini lupus >> sed.txt

11-Christian Gardel@DESKTOP-441H1BS MINGW64 ~/bootcamp/curso/ihlabs/lab-bash/lorem-copy (master)
$ tail -3 sed.txt
nisi ut aliquid ex ea commodi consequatur? Quis autem vel eum iure reprehenderit qui in ea voluptate velit esse quam nihil molestiae consequatur,
vel illum qui dolorem eum fugiat quo voluptas nulla pariatur?Homo homini lupus
Homo Homini lupus

12-Christian Gardel@DESKTOP-441H1BS MINGW64 ~/BOOTCAMP/Curso/IHLABS/lab-bash/lorem (master)
$ sed -i "s/et/ET/" at.txt

13-Christian Gardel@DESKTOP-441H1BS MINGW64 ~/BOOTCAMP/Curso/IHLABS/lab-bash/lorem (master)
$ git config user.name
Christian Garc√≠a

14-Christian Gardel@DESKTOP-441H1BS MINGW64 ~/bootcamp/curso/ihlabs/lab-bash (master)
$ pwd
/c/Users/Christian Gardel/bootcamp/curso/ihlabs/lab-bash

15-Christian Gardel@DESKTOP-441H1BS MINGW64 ~/bootcamp/curso/ihlabs/lab-bash/lorem (master)
$ find . -type f -name "*.txt"
./at.txt
./lorem.txt
./sed.txt

16-Christian Gardel@DESKTOP-441H1BS MINGW64 ~/bootcamp/curso/ihlabs/lab-bash/lorem (master)
$ cat sed.txt | wc -l
9

17-Christian Gardel@DESKTOP-441H1BS MINGW64 ~/bootcamp/curso/ihlabs/lab-bash (master)
$ find lorem
lorem
lorem/at.txt
lorem/at.txte
lorem/lorem.txt
lorem/sed.txt
